
> medcalc-ehr@1.0.0 test
> jest src/__tests__/golden-dataset.test.ts Centor

node.exe : FAIL src/__tests__/golden-
dataset.test.ts (5.949 s)
位於 C:\Program Files\nodejs\npm.ps1:29
 字元:3
+   & $NODE_EXE $NPM_CLI_JS $args
+   ~~~~~~~~~~~~~~~~~~~~~~~~~~~~~
    + CategoryInfo          : NotSpe 
   cified: (FAIL src/__test...st.ts  
   (5.949 s):String) [], RemoteExc   
 eption
    + FullyQualifiedErrorId : Native 
   CommandError
 
  Golden Dataset Clinical Validation
    [Golden Dataset] 2HELPS2B Score f
or Seizure Risk
      √ GD-2H2B-001: Score 0 - very l
ow seizure risk (<5%), no EEG finding
s (3 ms)
      √ GD-2H2B-002: Score 1 - low se
izure risk (12%), single finding: spo
radic epileptiform discharges
      √ GD-2H2B-003: Score 3 - modera
te-high risk (50%), frequency >2Hz + 
LPD + prior seizure
      √ GD-2H2B-004: Score 5 - very h
igh risk (88%), multiple findings inc
luding BIRDs
      √ GD-2H2B-005: Maximum score 7 
- extremely high risk (>95%), all fin
dings present
    [Golden Dataset] 4 A's Test (4AT)
 for Delirium Screening
      √ GD-4AT-001: Score 0 - deliriu
m unlikely, fully alert, no cognitive
 errors
      √ GD-4AT-002: Score 1 - possibl
e cognitive impairment, 1 AMT4 mistak
e only
      √ GD-4AT-003: Score 3 - possibl
e cognitive impairment, AMT4 errors a
nd attention deficit
      √ GD-4AT-004: Score 4 - likely 
delirium, clearly abnormal alertness
      √ GD-4AT-005: Maximum score 12 
- all domains maximally impaired (4 m
s)
    [Golden Dataset] 4C Mortality Sco
re for COVID-19
      √ GD-4CMORT-001: Low risk - you
ng female, no comorbidities, normal v
itals/labs
      √ GD-4CMORT-002: Low risk - mal
e aged 50-59, one comorbidity (1 ms)
      √ GD-4CMORT-003: Intermediate r
isk - age 60-69, male, 2+ comorbiditi
es, CRP 50-99
      √ GD-4CMORT-004: High risk - ag
e 70-79, male, multiple abnormalities
 (1 ms)
      √ GD-4CMORT-005: Very high risk
 - age >=80, male, all parameters abn
ormal
    [Golden Dataset] 4-Level Pulmonar
y Embolism Clinical Probability Score
 (4PEPS)
      √ GD-4PEPS-001: Very low CPP - 
young with no risk factors (2 ms)
      √ GD-4PEPS-002: Low CPP - some 
risk factors
      √ GD-4PEPS-003: Moderate CPP - 
multiple risk factors (1 ms)
      √ GD-4PEPS-004: High CPP - many
 risk factors with PE likely
      √ GD-4PEPS-005: Age boundary - 
50 to 64 range
    [Golden Dataset] 6-Minute Walk Di
stance (Predicted)
      √ GD-6MWD-001: Healthy young ma
le (1 ms)
      √ GD-6MWD-002: Older female
      √ GD-6MWD-003: Middle-aged male
 with actual distance below expected
      √ GD-6MWD-004: Young female (1 
ms)
      √ GD-6MWD-005: Lower limit of n
ormal check
    [Golden Dataset] ABG Arterial Blo
od Gas Analyzer
      √ GD-ABG-001: Normal ABG - all 
values in normal range (1 ms)
      √ GD-ABG-002: Respiratory Acido
sis - COPD exacerbation (1 ms)
      √ GD-ABG-003: Metabolic Acidosi
s with high AG - DKA
      √ GD-ABG-004: Respiratory Alkal
osis - hyperventilation (1 ms)
      √ GD-ABG-005: Compensated state
 with hypoalbuminemia - corrected AG
    [Golden Dataset] Maximum Allowabl
e Blood Loss (ABL)
      √ GD-ABL-001: Adult male - mode
rate blood loss allowed (1 ms)
      √ GD-ABL-002: Pediatric patient
 - lower blood volume
      √ GD-ABL-003: Elderly female - 
conservative target (1 ms)
      √ GD-ABL-004: Large adult - hig
h blood volume
      √ GD-ABL-005: Minimal target dr
op (1 ms)
    [Golden Dataset] ACTION ICU Score
 for Intensive Care in NSTEMI
      √ GD-ACTICU-001: Lowest possibl
e score - young, normal labs/vitals, 
no HF, no ST depression, prior revasc
      √ GD-ACTICU-002: Low risk - age
 >=70, no prior revasc, otherwise nor
mal
      √ GD-ACTICU-003: Moderate risk 
- age >=70, creatinine >=1.1, HR 85-1
00, SBP 125-145, no prior revasc (1 m
s)
      √ GD-ACTICU-004: High risk - he
art failure present plus multiple ris
k factors
      √ GD-ACTICU-005: Maximum score 
- all risk factors maximized
    [Golden Dataset] AF Stroke/Bleed 
Risk (CHA2DS2-VASc & HAS-BLED)
      √ GD-AFRISK-001: Score 0 - low 
combined risk, young male, no risk fa
ctors
      √ GD-AFRISK-002: Score 2 - low 
combined risk, hypertension and diabe
tes only (CHA2DS2-VASc)
      √ GD-AFRISK-003: Score 5 - mode
rate combined risk, CHA2DS2-VASc fact
ors + HAS-BLED factors (1 ms)
      √ GD-AFRISK-004: Score 8 - high
 combined risk, multiple CHA2DS2-VASc
 and HAS-BLED factors
      √ GD-AFRISK-005: Score 12 - hig
h combined risk, female with extensiv
e comorbidities and bleeding risk
    [Golden Dataset] APACHE II ICU Mo
rtality Score
      √ GD-APACHE2-001: Minimal score
 - all normal values, young patient (
1 ms)
      √ GD-APACHE2-002: Moderate scor
e - elderly with mild derangements (1
 ms)
      √ GD-APACHE2-003: Moderate-high
 score - multiple physiologic derange
ments
      √ GD-APACHE2-004: High score wi
th ARF doubling creatinine points
      √ GD-APACHE2-005: Oxygenation s
coring with FiO2 method (3 ms)
    [Golden Dataset] APGAR Score
      √ GD-APGAR-001: Perfect score: 
all components at maximum (2 each), s
core 10 (1 ms)
      √ GD-APGAR-002: Normal with mil
d acrocyanosis: appearance 1, all oth
ers 2, score 9
      √ GD-APGAR-003: Moderately abno
rmal: appearance 1, pulse 1, grimace 
1, activity 1, respiration 1, score 5
      √ GD-APGAR-004: Critical: blue-
gray, HR <100, grimace only, some fle
xion, weak cry, score 3
      √ GD-APGAR-005: Minimum score: 
no pulse, no response, no breathing, 
score 0 (1 ms)
    [Golden Dataset] ARISCAT Score fo
r Postoperative Pulmonary Complicatio
ns
      √ GD-ARISCAT-001: Lowest risk -
 young patient, normal SpO2, no risk 
factors, peripheral surgery <2hrs
      √ GD-ARISCAT-002: Low risk - ag
e 51-80, otherwise no risk factors
      √ GD-ARISCAT-003: Intermediate 
risk - age 51-80, SpO2 91-95%, upper 
abdominal surgery
      √ GD-ARISCAT-004: High risk - a
ge >80, SpO2 <=90%, intrathoracic sur
gery, >3hrs, emergency (1 ms)
      √ GD-ARISCAT-005: Borderline hi
gh risk - age 51-80, respiratory infe
ction, anemia, 2-3hr surgery, emergen
cy
    [Golden Dataset] 10-Year ASCVD Ri
sk (PCE)
      √ GD-ASCVD-001: Low risk - youn
g white male, optimal labs (1 ms)
      √ GD-ASCVD-002: Intermediate ri
sk - middle-aged white female with ri
sk factors
      √ GD-ASCVD-003: High risk - old
er male, smoker, diabetic
      √ GD-ASCVD-004: African America
n male - moderate risk (1 ms)
      √ GD-ASCVD-005: Known ASCVD - r
eturns high risk
    [Golden Dataset] Bacterial Mening
itis Score for Children
      √ GD-BMS-001: Score 0 - very lo
w risk for bacterial meningitis, all 
criteria negative
      √ GD-BMS-002: Score 1 - not low
 risk, seizure present only (1 ms)
      √ GD-BMS-003: Score 1 - not low
 risk, positive Gram stain only
      √ GD-BMS-004: Score 3 - not low
 risk, Gram stain positive + CSF ANC 
+ seizure
      √ GD-BMS-005: Maximum score 5 -
 all criteria positive (1 ms)
    [Golden Dataset] BMI & Body Surfa
ce Area
      √ GD-BMI-001: 過重 Overweight adu
lt (Taiwan: BMI 24-27)
      √ GD-BMI-002: 過輕 Underweight ad
ult (BMI < 18.5) (1 ms)
      √ GD-BMI-003: 肥胖 Obese adult (T
aiwan: BMI >= 27)
      √ GD-BMI-004: 肥胖 Obese adult (T
aiwan: BMI >= 27) (1 ms)
      √ GD-BMI-005: 肥胖 Obese adult (T
aiwan: BMI >= 27, severe)
    [Golden Dataset] Burch-Wartofsky 
Point Scale (Thyroid Storm)
      √ GD-BWPS-001: Unlikely thyroid
 storm - score < 25 (1 ms)
      √ GD-BWPS-002: Impending storm 
- score 25-44
      √ GD-BWPS-003: Thyroid storm - 
score ≥ 45 (1 ms)
      √ GD-BWPS-004: Borderline impen
ding - score 25
      √ GD-BWPS-005: Maximum possible
 score
    [Golden Dataset] Corrected Calciu
m for Hypoalbuminemia
      √ GD-CACOR-001: Normal albumin 
- no correction needed (1 ms)
      √ GD-CACOR-002: Low albumin - r
eveals true hypercalcemia (1 ms)
      √ GD-CACOR-003: Mildly low albu
min - borderline correction
      √ GD-CACOR-004: Very low albumi
n - significant correction (hypocalce
mia remains) (1 ms)
      √ GD-CACOR-005: High albumin - 
downward correction
    [Golden Dataset] Centor Score (Mo
dified/McIsaac)
      √ GD-CENTOR-001: Very low risk 
- no criteria met
      √ GD-CENTOR-002: Low risk - sin
gle criterion (fever only)
      √ GD-CENTOR-003: Moderate risk 
- exudates and lymphadenopathy
      √ GD-CENTOR-004: Moderate-high 
risk - classic triad (score 3)
      × GD-CENTOR-005: High risk - al
l criteria met (score 5) (2 ms)
    [Golden Dataset] Charlson Comorbi
dity Index
      √ GD-CCI-001: No comorbidities 
- score 0
      √ GD-CCI-002: Single comorbidit
y - score 1 (1 ms)
      √ GD-CCI-003: Multiple comorbid
ities - score 3
      √ GD-CCI-004: High burden - sco
re 5 (1 ms)
      √ GD-CCI-005: Severe comorbidit
ies - metastatic solid tumor (6 pts)
    [Golden Dataset] Child-Pugh Class
ification
      √ GD-CPUGH-001: Class A - well-
compensated cirrhosis
      √ GD-CPUGH-002: Class B - borde
rline (score 7)
      √ GD-CPUGH-003: Class B - moder
ate hepatic impairment (score 9) (1 m
s)
      √ GD-CPUGH-004: Class C - sever
e decompensated cirrhosis
      √ GD-CPUGH-005: Class C - minim
um for class C (score 10)
    [Golden Dataset] CIWA-Ar for Alco
hol Withdrawal
      √ GD-CIWA-001: Score 0 - no wit
hdrawal symptoms, all categories at b
aseline
      √ GD-CIWA-002: Score 8 - border
line absent/minimal withdrawal
      √ GD-CIWA-003: Score 15 - mild 
to moderate withdrawal, medication us
ually indicated (1 ms)
      √ GD-CIWA-004: Score 25 - sever
e withdrawal with hallucinations and 
disorientation
      √ GD-CIWA-005: Maximum severity
 - all domains at maximum, score 67
    [Golden Dataset] CKD-EPI eGFR (20
21 Race-Free)
      √ GD-CKD-001: Stage 1 - Young h
ealthy female, eGFR > 90 (1 ms)
      √ GD-CKD-002: Stage 2 - Middle-
aged male, eGFR 60-89
      √ GD-CKD-003: Stage 3a - Older 
female, eGFR 45-59
      √ GD-CKD-004: Stage 3b - Elderl
y male, eGFR 30-44 (1 ms)
      √ GD-CKD-005: Stage 4 - Severe 
CKD male, eGFR 15-29
      √ GD-CKD-006: Stage 5 - Kidney 
failure female, eGFR < 15
    [Golden Dataset] Clinical Pulmona
ry Infection Score (CPIS) for VAP
      √ GD-CPIS-001: Score 0 - low li
kelihood of VAP, all parameters norma
l
      √ GD-CPIS-002: Score 3 - low li
kelihood, mild temperature elevation 
and moderate secretions (1 ms)
      √ GD-CPIS-003: Score 5 - border
line low, multiple mild abnormalities
      √ GD-CPIS-004: Score 8 - high l
ikelihood of VAP, significant abnorma
lities
      √ GD-CPIS-005: Maximum score 12
 - all parameters maximally abnormal
    [Golden Dataset] Creatinine Clear
ance (Cockcroft-Gault)
      √ GD-CRCL-001: Normal renal fun
ction - young male, CrCl > 90 mL/min 
(1 ms)
      √ GD-CRCL-002: Mild reduction -
 middle-aged female, CrCl 60-89 mL/mi
n
      √ GD-CRCL-003: Moderate reducti
on - older male, CrCl 30-59 mL/min
      √ GD-CRCL-004: Severe reduction
 - elderly female, CrCl 15-29 mL/min
      √ GD-CRCL-005: Kidney failure -
 elderly male, CrCl < 15 mL/min
    [Golden Dataset] CURB-65 Score fo
r Pneumonia Severity
      √ GD-CURB65-001: No criteria me
t: young patient, normal vitals, no c
onfusion (1 ms)
      √ GD-CURB65-002: Single criteri
on: patient aged >=65 only
      √ GD-CURB65-003: Two criteria: 
confusion and elevated BUN
      √ GD-CURB65-004: Three criteria
: confusion, high RR, low BP
      √ GD-CURB65-005: All five crite
ria met: maximum score (1 ms)
    [Golden Dataset] Duke Activity St
atus Index (DASI)
      √ GD-DASI-001: Score 0 - no act
ivities possible, poor functional cap
acity
      √ GD-DASI-002: Low score - basi
c self-care and indoor walking only, 
poor capacity
      √ GD-DASI-003: Moderate score -
 basic ADLs and light activity
      √ GD-DASI-004: Good score - mos
t activities possible except strenuou
s (1 ms)
      √ GD-DASI-005: Maximum score 58
.2 - all activities possible, good fu
nctional capacity
    [Golden Dataset] Estimated Blood 
Ethanol Concentration
      √ GD-ETOH-001: One beer (355 mL
, 5% ABV) - male 80 kg (1 ms)
      √ GD-ETOH-002: Two glasses wine
 (300 mL, 12% ABV) - female 60 kg
      √ GD-ETOH-003: Heavy drinking -
 above legal limit
      √ GD-ETOH-004: Potentially fata
l level (1 ms)
      √ GD-ETOH-005: Light beer - bel
ow legal limit
    [Golden Dataset] ETT Depth & Tida
l Volume Calculator
      √ GD-ETT-001: Average male - 17
5 cm (1 ms)
      √ GD-ETT-002: Average female - 
165 cm
      √ GD-ETT-003: Tall male - 190 c
m
      √ GD-ETT-004: Short female - 15
0 cm (1 ms)
      √ GD-ETT-005: Medium male - 170
 cm
    [Golden Dataset] EuroSCORE II Car
diac Surgery Mortality
      √ GD-ES2-001: Low risk - young 
male, elective isolated CABG, good LV
 (1 ms)
      √ GD-ES2-002: Moderate risk - 7
0yo female, IDDM, moderate renal, NYH
A II
      √ GD-ES2-003: Moderate-high ris
k - 65yo male, LVEF moderate, urgent,
 2 procedures, arteriopathy (1 ms)
      √ GD-ES2-004: High risk - criti
cal preop, emergency, poor LVEF, rena
l severe
      √ GD-ES2-005: Very high risk - 
salvage, previous surgery, endocardit
is, very poor LVEF, thoracic aorta
    [Golden Dataset] Fractional Excre
tion of Sodium (FENa)
      √ GD-FENA-001: Prerenal AKI - F
ENa < 1% (1 ms)
      √ GD-FENA-002: Prerenal - typic
al dehydration (1 ms)
      √ GD-FENA-003: Prerenal - FENa 
< 1% (1 ms)
      √ GD-FENA-004: Intrinsic renal 
(ATN) - FENa > 2%
      √ GD-FENA-005: High FENa - esta
blished ATN (2 ms)
    [Golden Dataset] Fractional Excre
tion of Urea (FEUrea)
      √ GD-FEUR-001: Prerenal AKI - F
EUrea ≤ 35% (1 ms)
      √ GD-FEUR-002: Prerenal - borde
rline low
      √ GD-FEUR-003: Indeterminate ra
nge - FEUrea 35-50%
      √ GD-FEUR-004: Intrinsic renal 
(ATN) - FEUrea > 50%
      √ GD-FEUR-005: Borderline prere
nal/indeterminate
    [Golden Dataset] FIB-4 Fibrosis I
ndex
      √ GD-FIB4-001: Low risk - young
 patient, normal labs (2 ms)
      √ GD-FIB4-002: Low risk - borde
rline
      √ GD-FIB4-003: Indeterminate ra
nge (1 ms)
      √ GD-FIB4-004: High risk - adva
nced fibrosis likely
      √ GD-FIB4-005: Very low risk - 
young healthy
    [Golden Dataset] Free Water Defic
it
      √ GD-FWD-001: Mild hypernatremi
a - adult male (1 ms)
      √ GD-FWD-002: Moderate hypernat
remia - adult female
      √ GD-FWD-003: Severe hypernatre
mia - elderly patient
      √ GD-FWD-004: Elderly female - 
lower TBW factor (1 ms)
      √ GD-FWD-005: Normal sodium - n
o deficit indicated
    [Golden Dataset] GAD-7 (General A
nxiety Disorder-7)
      √ GD-GAD7-001: No anxiety sympt
oms: all questions scored 0, total 0
      √ GD-GAD7-002: Minimal anxiety:
 some items at 'several days', total 
4
      √ GD-GAD7-003: Mild anxiety: mi
xed scoring across questions, total 8
 (1 ms)
      √ GD-GAD7-004: Moderate anxiety
: most items at 'more than half the d
ays', total 13
      √ GD-GAD7-005: Severe anxiety: 
all items at 'nearly every day', maxi
mum score 21
    [Golden Dataset] Glasgow Coma Sca
le
      √ GD-GCS-001: Fully alert and o
riented - maximum score
      √ GD-GCS-002: Mild brain injury
 - lower boundary (score 13)
      √ GD-GCS-003: Moderate brain in
jury - upper boundary (score 12)
      √ GD-GCS-004: Moderate brain in
jury - lower boundary (score 9) (1 ms
)
      √ GD-GCS-005: Severe brain inju
ry - minimum score
    [Golden Dataset] Simplified Genev
a Score (PE)
      √ GD-GENEVA-001: Low risk - no 
criteria met, normal HR (1 ms)
      √ GD-GENEVA-002: Low risk - one
 criterion, HR < 75
      √ GD-GENEVA-003: Intermediate r
isk - multiple criteria
      √ GD-GENEVA-004: High risk - ma
ny criteria plus tachycardia (1 ms)
      √ GD-GENEVA-005: Maximum score 
- all criteria positive (1 ms)
    [Golden Dataset] GRACE ACS Risk S
core
      √ GD-GRACE-001: Low risk - youn
g patient, stable vitals (1 ms)
      √ GD-GRACE-002: Low risk - midd
le-aged, normal labs (1 ms)
      √ GD-GRACE-003: Intermediate ri
sk - elderly with multiple risk facto
rs
      √ GD-GRACE-004: High risk - ver
y elderly with cardiac arrest (1 ms)
      √ GD-GRACE-005: Minimum score -
 young with low points
    [Golden Dataset] Gupta MICA Perio
perative Cardiac Risk
      √ GD-MICA-001: Low risk - young
, healthy, minor procedure (1 ms)
      √ GD-MICA-002: Low risk - moder
ate scenario (1 ms)
      √ GD-MICA-003: Intermediate ris
k - older with CKD
      √ GD-MICA-004: High risk - mult
iple risk factors (1 ms)
      √ GD-MICA-005: Young patient wi
th ASA I
    [Golden Dataset] GWTG-HF Mortalit
y Risk Score
      √ GD-GWTG-001: Low risk - young
, stable vitals (1 ms)
      √ GD-GWTG-002: Moderate risk - 
elderly with elevated BUN (1 ms)
      √ GD-GWTG-003: High risk - hypo
tension, renal failure
      √ GD-GWTG-004: Stable hemodynam
ics, elevated sodium
      √ GD-GWTG-005: With COPD comorb
idity (2 ms)
    [Golden Dataset] HAS-BLED Score f
or Major Bleeding Risk
      √ GD-HASBLED-001: No risk facto
rs: score 0, low risk (1 ms)
      √ GD-HASBLED-002: Single risk f
actor: elderly only, score 1
      √ GD-HASBLED-003: Moderate risk
: hypertension and labile INR, score 
2
      √ GD-HASBLED-004: High risk: hy
pertension, renal disease, stroke, el
derly, score 4 (1 ms)
      √ GD-HASBLED-005: Maximum score
: all 9 risk factors present
    [Golden Dataset] HEART Score for 
Major Cardiac Events
      √ GD-HEART-001: Minimum score: 
all categories at 0 points
      √ GD-HEART-002: Low risk: moder
ately suspicious history, age 45-64, 
1-2 risk factors, score 3
      √ GD-HEART-003: Moderate risk: 
highly suspicious history, normal ECG
, age >=65, no risk factors, troponin
 1-3x, score 5
      √ GD-HEART-004: High risk: high
ly suspicious, significant ST deviati
on, age >=65, >=3 risk factors, tropo
nin 1-3x, score 9
      √ GD-HEART-005: Maximum score: 
all categories at 2 points
    [Golden Dataset] HOMA-IR (Insulin
 Resistance)
      √ GD-HOMA-001: Optimal insulin 
sensitivity
      √ GD-HOMA-002: Early insulin re
sistance (1 ms)
      √ GD-HOMA-003: Significant insu
lin resistance
      √ GD-HOMA-004: Severe insulin r
esistance - type 2 DM
      √ GD-HOMA-005: Borderline - nea
r cutoff (1 ms)
    [Golden Dataset] HScore for React
ive Hemophagocytic Syndrome
      √ GD-HSCORE-001: Score 0 - low 
probability, all parameters normal/ne
gative
      √ GD-HSCORE-002: Score 90 - low
 probability, mild temperature elevat
ion and immunosuppression
      √ GD-HSCORE-003: Score 168 - bo
rderline low probability (just below 
cutoff of 169)
      √ GD-HSCORE-004: Score 230 - hi
gh probability, most criteria strongl
y positive (1 ms)
      √ GD-HSCORE-005: Maximum score 
337 - all criteria at highest values
    [Golden Dataset] Ideal Body Weigh
t (Devine Formula)
      √ GD-IBW-001: Average height ma
le (170 cm) (1 ms)
      √ GD-IBW-002: Average height fe
male (165 cm)
      √ GD-IBW-003: Tall male (190 cm
)
      √ GD-IBW-004: Short female (150
 cm = ~59 inches, at/below 60in thres
hold)
      √ GD-IBW-005: With actual weigh
t - obese patient
    [Golden Dataset] Intraoperative F
luid Calculator
      √ GD-IFD-001: Standard case - 7
0 kg, 8hr NPO, minimal trauma (1 ms)
      √ GD-IFD-002: Major surgery - h
igh trauma level
      √ GD-IFD-003: Small adult - min
imal trauma (1 ms)
      √ GD-IFD-004: Weight at boundar
y 15 kg (10-20 range)
      √ GD-IFD-005: 4th hour and beyo
nd (steady state) (1 ms)
    [Golden Dataset] ISTH DIC Score
      √ GD-ISTH-001: Not overt DIC - 
normal coagulation (1 ms)
      √ GD-ISTH-002: Not overt DIC - 
borderline
      √ GD-ISTH-003: Overt DIC - scor
e 5 (threshold)
      √ GD-ISTH-004: Severe DIC - hig
h score
      √ GD-ISTH-005: Mild abnormality
 - single elevated parameter (1 ms)
    [Golden Dataset] Kawasaki Disease
 Diagnostic Criteria
      √ GD-KAWAS-001: Score 0 - no cr
iteria met, no fever, no features
      √ GD-KAWAS-002: Score 3 - fever
 plus 2 features, consider incomplete
 Kawasaki
      √ GD-KAWAS-003: Score 4 - fever
 plus 3 features, borderline, conside
r incomplete Kawasaki (1 ms)
      √ GD-KAWAS-004: Score 5 - class
ic Kawasaki Disease: fever plus 4 fea
tures
      √ GD-KAWAS-005: Maximum score 6
 - all criteria met including all 5 p
rincipal features
    [Golden Dataset] LDL Cholesterol 
(Friedewald Equation)
      √ GD-LDL-001: Optimal LDL - goo
d lipid profile (1 ms)
      √ GD-LDL-002: Borderline high L
DL
      √ GD-LDL-003: Very high LDL
      √ GD-LDL-004: Invalid - triglyc
erides >= 400 (1 ms)
      √ GD-LDL-005: Near optimal LDL
    [Golden Dataset] MAGGIC Heart Fai
lure Risk Score
      √ GD-MAGGIC-001: Low risk - you
ng, good EF (1 ms)
      √ GD-MAGGIC-002: Moderate risk 
- older, reduced EF
      √ GD-MAGGIC-003: High risk - ve
ry elderly, poor EF, many comorbiditi
es (1 ms)
      √ GD-MAGGIC-004: Protected - on
 beta-blocker and ACEi
      √ GD-MAGGIC-005: Female with di
abetes (2 ms)
    [Golden Dataset] Maintenance IV F
luids (Holliday-Segar)
      √ GD-MFLUIDS-001: Infant 8 kg -
 first 10 kg rule
      √ GD-MFLUIDS-002: Child 15 kg -
 4-2-1 rule (10-20kg range)
      √ GD-MFLUIDS-003: Adult 70 kg -
 full 4-2-1 rule (1 ms)
      √ GD-MFLUIDS-004: Exactly 10 kg
 boundary
      √ GD-MFLUIDS-005: Exactly 20 kg
 boundary (1 ms)
    [Golden Dataset] Mean Arterial Pr
essure (MAP)
      √ GD-MAP-001: Normal blood pres
sure (1 ms)
      √ GD-MAP-002: Hypertensive - el
evated MAP
      √ GD-MAP-003: Hypotensive - bel
ow normal MAP (1 ms)
      √ GD-MAP-004: Critically low - 
shock range
      √ GD-MAP-005: Normal - optimal 
MAP
    [Golden Dataset] MDRD GFR
      √ GD-MDRD-001: Stage 1 - Young 
male, normal creatinine
      √ GD-MDRD-002: Stage 2 - Middle
-aged female
      √ GD-MDRD-003: Stage 3a - Older
 male, elevated creatinine
      √ GD-MDRD-004: Stage 4 - Male w
ith high creatinine
      √ GD-MDRD-005: African American
 adjustment
    [Golden Dataset] MELD-Na Score
      √ GD-MELD-001: Low risk - norma
l labs, no dialysis
      √ GD-MELD-002: Low-moderate ris
k - elevated bilirubin and creatinine
      √ GD-MELD-003: Moderate risk - 
significantly elevated labs
      √ GD-MELD-004: High risk - seve
re liver failure with hyponatremia
      √ GD-MELD-005: Dialysis patient
 - creatinine capped at 4.0
    [Golden Dataset] Modified Early W
arning Score (MEWS)
      √ GD-MEWS-001: All normal vital
s: score 0, low risk
      √ GD-MEWS-002: Mildly abnormal:
 SBP 81-100, HR 101-110, score 2
      √ GD-MEWS-003: Moderate-high ri
sk: SBP 71-80, RR 21-29, abnormal tem
p, responds to voice, score 7
      √ GD-MEWS-004: Score exactly 4:
 SBP 81-100, HR 111-129, responds to 
voice, score 4 (1 ms)
      √ GD-MEWS-005: Critical: SBP <=
70, HR >=130, RR >=30, abnormal temp,
 unresponsive, score 14
    [Golden Dataset] NAFLD Fibrosis S
core
      √ GD-NFS-001: Low probability o
f fibrosis (F0-F2)
      √ GD-NFS-002: Indeterminate ran
ge
      √ GD-NFS-003: High probability 
of advanced fibrosis (F3-F4)
      √ GD-NFS-004: Low risk - non-di
abetic young patient
      √ GD-NFS-005: Borderline low cu
toff
    [Golden Dataset] NIH Stroke Scale
      √ GD-NIHSS-001: No stroke sympt
oms - all sections score 0
      √ GD-NIHSS-002: Minor stroke - 
mild right-sided weakness (score 3)
      √ GD-NIHSS-003: Moderate stroke
 - left MCA syndrome (score 10) (1 ms
)
      √ GD-NIHSS-004: Moderate to sev
ere stroke - large vessel occlusion (
score 18)
      √ GD-NIHSS-005: Severe stroke -
 devastating bilateral deficits (scor
e 30)
    [Golden Dataset] Padua VTE Risk A
ssessment
      √ GD-PADUA-001: Low risk - no r
isk factors present
      √ GD-PADUA-002: Low risk - mino
r factors only (score 3) (1 ms)
      √ GD-PADUA-003: High risk - thr
eshold score (score 4)
      √ GD-PADUA-004: High risk - can
cer with reduced mobility (score 6)
      √ GD-PADUA-005: High risk - mul
tiple major and minor factors (score 
14)
    [Golden Dataset] Pediatric Blood 
Pressure Classifier
      √ GD-PEDSBP-001: Normal BP - 6-
year-old boy, SBP/DBP well below 90th
 (1 ms)
      √ GD-PEDSBP-002: Elevated BP - 
10-year-old girl, SBP at 90th percent
ile
      √ GD-PEDSBP-003: Stage 1 HTN - 
8-year-old boy, SBP at 95th percentil
e (1 ms)
      √ GD-PEDSBP-004: Stage 2 HTN - 
5-year-old girl, SBP well above 95th+
12
      √ GD-PEDSBP-005: Adolescent (15
yo) - Stage 1 HTN by static threshold
s (1 ms)
    [Golden Dataset] PERC Rule for Pu
lmonary Embolism
      √ GD-PERC-001: PERC Negative - 
no criteria met (1 ms)
      √ GD-PERC-002: PERC Positive - 
single criterion (age >= 50)
      √ GD-PERC-003: PERC Positive - 
three criteria met (1 ms)
      √ GD-PERC-004: PERC Positive - 
five criteria met
      √ GD-PERC-005: PERC Positive - 
all criteria met (maximum score)
    [Golden Dataset] Phenytoin (Dilan
tin) Correction
      √ GD-PHENY-001: Normal albumin,
 no renal failure - no significant co
rrection (1 ms)
      √ GD-PHENY-002: Low albumin, no
 renal failure - level adjusted upwar
d
      √ GD-PHENY-003: Low albumin wit
h renal failure (K=0.2) (2 ms)
      √ GD-PHENY-004: Subtherapeutic 
corrected level
      √ GD-PHENY-005: Potentially tox
ic corrected level
    [Golden Dataset] PHQ-9 Patient He
alth Questionnaire
      √ GD-PHQ9-001: Minimal depressi
on - all items scored 0
      √ GD-PHQ9-002: Mild depression 
- score 7
      √ GD-PHQ9-003: Moderate depress
ion - score 12
      √ GD-PHQ9-004: Moderately sever
e depression - score 17
      √ GD-PHQ9-005: Severe depressio
n - maximum score
    [Golden Dataset] PRECISE-HBR Blee
ding Risk Score
      √ GD-PHBR-001: Low risk - young
, normal labs, no risk factors (1 ms)
      √ GD-PHBR-002: Borderline HBR -
 older with mild anemia and reduced e
GFR
      √ GD-PHBR-003: High risk - prio
r bleeding adds +7
      √ GD-PHBR-004: Extreme risk - p
rior bleeding + OAC + ARC-HBR factor
      √ GD-PHBR-005: OAC only - moder
ate addition
    [Golden Dataset] qSOFA (Quick SOF
A) Score
      √ GD-QSOFA-001: Negative screen
 - no criteria met (1 ms)
      √ GD-QSOFA-002: Negative screen
 - one criterion met
      √ GD-QSOFA-003: Positive screen
 - two criteria met
      √ GD-QSOFA-004: Positive screen
 - all criteria met (1 ms)
      √ GD-QSOFA-005: Using AMS toggl
e instead of GCS
    [Golden Dataset] Corrected QT Int
erval (QTc)
      √ GD-QTC-001: Normal QTc - Baze
tt formula, male (1 ms)
      √ GD-QTC-002: Prolonged QTc - B
azett, female
      √ GD-QTC-003: High risk prolong
ation - Bazett (1 ms)
      √ GD-QTC-004: Fridericia formul
a
      √ GD-QTC-005: Framingham formul
a
    [Golden Dataset] Ranson Criteria 
for Pancreatitis Mortality
      √ GD-RANSON-001: Low mortality 
- no criteria met (score 0) (1 ms)
      √ GD-RANSON-002: Low mortality 
- two admission criteria (score 2)
      √ GD-RANSON-003: Moderate morta
lity - mixed admission and 48hr crite
ria (score 4)
      √ GD-RANSON-004: High mortality
 - score 6
      √ GD-RANSON-005: Very high mort
ality - score 8 (1 ms)
    [Golden Dataset] Revised Cardiac 
Risk Index (RCRI)
      √ GD-RCRI-001: Class I - no ris
k factors (0.4% risk)
      √ GD-RCRI-002: Class II - high-
risk surgery only (0.9% risk)
      √ GD-RCRI-003: Class III - isch
emic heart disease and CHF (6.6% risk
)
      √ GD-RCRI-004: Class IV - three
 risk factors (>=11% risk)
      √ GD-RCRI-005: Class IV - all r
isk factors present (>=11% risk)
    [Golden Dataset] RegiSCAR Score f
or DRESS Syndrome
      √ GD-REGISCAR-001: No case - al
l sections scored at minimum (negativ
e values) (1 ms)
      √ GD-REGISCAR-002: No case - mo
stly neutral with some negative (scor
e 0) (1 ms)
      √ GD-REGISCAR-003: Possible DRE
SS - score 2
      √ GD-REGISCAR-004: Probable DRE
SS - score 5
      √ GD-REGISCAR-005: Definite DRE
SS - high score with multiple positiv
e findings (score 8)
    [Golden Dataset] Serum Anion Gap
      √ GD-SAG-001: Normal anion gap
      √ GD-SAG-002: High anion gap - 
DKA (1 ms)
      √ GD-SAG-003: Normal anion gap 
- lower range
      √ GD-SAG-004: Low anion gap - p
ossible hypoalbuminemia (1 ms)
      √ GD-SAG-005: Mildly elevated -
 lactic acidosis
    [Golden Dataset] Calculated Serum
 Osmolality
      √ GD-OSMO-001: Normal osmolalit
y - normal labs (1 ms)
      √ GD-OSMO-002: High osmolality 
- DKA with hyperglycemia (1 ms)
      √ GD-OSMO-003: Low osmolality -
 hyponatremia
      √ GD-OSMO-004: Ethanol ingestio
n contributing to osmolality
      √ GD-OSMO-005: Elevated BUN - u
remia
    [Golden Dataset] SEXE-SHOCK Cardi
ogenic Shock Risk
      √ GD-SEXSHK-001: Low risk - you
ng male, good LVEF, stable (1 ms)
      √ GD-SEXSHK-002: Moderate risk 
- older female with risk factors
      √ GD-SEXSHK-003: High risk - mu
ltiple adverse features (1 ms)
      √ GD-SEXSHK-004: Low risk - min
imal markers
      √ GD-SEXSHK-005: Female with ca
rdiac arrest
    [Golden Dataset] SIRS Criteria
      √ GD-SIRS-001: Normal - no SIRS
 criteria met
      √ GD-SIRS-002: SIRS - 2 criteri
a met without infection (2 ms)
      √ GD-SIRS-003: Sepsis - SIRS wi
th infection
      √ GD-SIRS-004: Septic shock - s
epsis with hypotension
      √ GD-SIRS-005: Borderline - onl
y 1 criterion (fever alone)
    [Golden Dataset] Sodium Correctio
n for Hyperglycemia
      √ GD-NACOR-001: Normal glucose 
- no correction needed
      √ GD-NACOR-002: Moderate hyperg
lycemia - DKA scenario with 1.6 facto
r
      √ GD-NACOR-003: Severe hypergly
cemia with 2.4 factor (Hillier 1999) 
(1 ms)
      √ GD-NACOR-004: Mild hyperglyce
mia - reveals true hypernatremia
      √ GD-NACOR-005: Very high gluco
se - HHS scenario
    [Golden Dataset] SOFA Score for S
epsis Organ Failure
      √ GD-SOFA-001: All systems norm
al, minimum score
      √ GD-SOFA-002: Mild organ dysfu
nction: PaO2/FiO2 <400, platelets <15
0, bilirubin 1.2-1.9, MAP <70, GCS 13
-14, creatinine 1.2-1.9 (1 ms)
      √ GD-SOFA-003: Moderate dysfunc
tion: PaO2/FiO2 <300, platelets <100,
 bilirubin 2.0-5.9, dopamine <=5, GCS
 10-12, creatinine 2.0-3.4
      √ GD-SOFA-004: Severe multi-org
an failure: PaO2/FiO2 <200 with vent,
 platelets <50, bilirubin 6-11.9, dop
amine >5, GCS 6-9, creatinine 3.5-4.9
      √ GD-SOFA-005: Mixed severity: 
PaO2/FiO2 <100 on vent, normal platel
ets, bilirubin 2-5.9, no hypotension,
 GCS 13-14, creatinine >=5
    [Golden Dataset] STOP-BANG Score 
for Obstructive Sleep Apnea
      √ GD-STOPBANG-001: Low risk - n
o criteria checked (1 ms)
      √ GD-STOPBANG-002: Low risk - t
wo criteria: snoring and tired
      √ GD-STOPBANG-003: Intermediate
 risk - three criteria: snoring, hype
rtension, male
      √ GD-STOPBANG-004: High risk - 
five criteria met
      √ GD-STOPBANG-005: Maximum scor
e - all eight criteria met
    [Golden Dataset] TIMI Risk Score 
for UA/NSTEMI
      √ GD-TIMINST-001: No risk facto
rs: score 0, low risk (1 ms)
      √ GD-TIMINST-002: Low risk: age
 >=65 and ASA use, score 2
      √ GD-TIMINST-003: Intermediate 
risk: age, CAD risk factors, known CA
D, score 3
      √ GD-TIMINST-004: High risk: ag
e, CAD risks, known CAD, ST changes, 
positive marker, score 5 (1 ms)
      √ GD-TIMINST-005: Maximum score
: all 7 risk factors present
    [Golden Dataset] tPA Dosing for A
cute Stroke
      √ GD-TPAS-001: Eligible patient
 - within time window, 75 kg (1 ms)
      √ GD-TPAS-002: Ineligible patie
nt - beyond time window (1 ms)
      √ GD-TPAS-003: Heavy patient - 
capped at 90 mg
      √ GD-TPAS-004: Borderline time 
window - exactly 4.5 hours (1 ms)
      √ GD-TPAS-005: Small patient - 
55 kg
    [Golden Dataset] tPA (Alteplase) 
Dosing
      √ GD-TPA-001: Standard dosing -
 70 kg patient (1 ms)
      √ GD-TPA-002: Maximum dosing - 
120 kg patient (capped at 100 kg) (1 
ms)
      √ GD-TPA-003: Small patient - 5
0 kg
      √ GD-TPA-004: At threshold - ex
actly 100 kg (1 ms)
      √ GD-TPA-005: Average adult - 8
0 kg
    [Golden Dataset] Transtubular Pot
assium Gradient (TTKG)
      √ GD-TTKG-001: Normal TTKG - no
rmokalemia (1 ms)
      √ GD-TTKG-002: Hypokalemia with
 low TTKG (non-renal loss)
      √ GD-TTKG-003: Hypokalemia with
 high TTKG (renal wasting)
      √ GD-TTKG-004: Hyperkalemia wit
h high TTKG (dietary intake)
      √ GD-TTKG-005: Invalid TTKG - u
rine osmo ≤ serum osmo (1 ms)
    [Golden Dataset] Wells' Criteria 
for DVT
      √ GD-WELLSDVT-001: No criteria 
met: low risk DVT
      √ GD-WELLSDVT-002: Alternative 
diagnosis likely only: score -2 (low 
risk) (1 ms)
      √ GD-WELLSDVT-003: Moderate ris
k: calf swelling and pitting edema, s
core 2 (1 ms)
      √ GD-WELLSDVT-004: High risk: c
ancer, tenderness, entire leg swollen
, previous DVT, score 4
      √ GD-WELLSDVT-005: High risk wi
th alternative diagnosis offset: canc
er, paralysis, bedridden, tenderness,
 swelling, calf, previous DVT minus a
lternative, score 5
    [Golden Dataset] Wells' Criteria 
for Pulmonary Embolism
      √ GD-WELLSPE-001: No criteria m
et: low risk PE (1 ms)
      √ GD-WELLSPE-002: HR >100 and i
mmobilization/surgery: score 3.0
      √ GD-WELLSPE-003: Clinical DVT 
signs and PE #1 diagnosis: score 6.0
      √ GD-WELLSPE-004: High risk: DV
T signs, PE #1, tachycardia, prior DV
T/PE: score 10.5
      √ GD-WELLSPE-005: All criteria 
met: maximum score 12.5

  ● Golden Dataset Clinical Validatio
n › [Golden Dataset] Centor Score (Mo
dified/McIsaac) › GD-CENTOR-005: High
 risk - all criteria met (score 5)

    expect(received).toBe(expected) /
/ Object.is equality

    Expected: true
    Received: false

    [0m [90m 200 |[39m            
                 exp[33m.[39mtolera
ncePercent
     [90m 201 |[39m                
         )[33m;[39m
    [31m[1m>[22m[39m[90m 202 |[
39m                         expect(co
mparison[33m.[39mpass)[33m.[39mto
Be([36mtrue[39m)[33m;[39m
     [90m     |[39m                
                                 [31
m[1m^[22m[39m
     [90m 203 |[39m                
     } [36melse[39m [36mif[39m (e
xp[33m.[39mlabel [33m===[39m [32
m'Risk Level'[39m) {
     [90m 204 |[39m                
         expect(result[33m.[39mrisk
Level[33m?[39m[33m.[39mlabel)[33
m.[39mtoBe(exp[33m.[39mvalue)[33m
;[39m
     [90m 205 |[39m                
     }[0m

      at src/__tests__/golden-dataset
-runner.ts:202:49
          at Array.forEach (<anonymou
s>)
      at Object.<anonymous> (src/__te
sts__/golden-dataset-runner.ts:194:35
)

Test Suites: 1 failed, 1 total
Tests:       1 failed, 400 passed, 40
1 total
Snapshots:   0 total
Time:        10.091 s
Ran all test suites matching /src\\__
tests__\\golden-dataset.test.ts|Cento
r/i.
