node.exe : npm verbose cli F:\Program Files\nodej
s\node.exe C:\Users\alumi\AppData\Roaming\npm\nod
e_modules\npm\bin\npm-cli.js
位於 F:\Program Files\nodejs\npm.ps1:29 字元:3
+   & $NODE_EXE $NPM_CLI_JS $args
+   ~~~~~~~~~~~~~~~~~~~~~~~~~~~~~
    + CategoryInfo          : NotSpecified: (npm 
    verbose cli...\bin\npm-cli.js:String) [], R  
  emoteException
    + FullyQualifiedErrorId : NativeCommandError
 
npm info using npm@11.4.2
npm info using node@v22.15.0
npm verbose title npm test tests/calculators/bmi-
bsa.test.js
npm verbose argv "test" "tests/calculators/bmi-bs
a.test.js" "--loglevel" "verbose"
npm verbose logfile logs-max:10 dir:C:\Users\alum
i\AppData\Local\npm-cache\_logs\2025-12-07T15_02_
26_656Z-
npm verbose logfile C:\Users\alumi\AppData\Local\
npm-cache\_logs\2025-12-07T15_02_26_656Z-debug-0.
log

> medcalc-ehr@1.0.0 test
> node --experimental-vm-modules node_modules/jest/bin/jest.js tests/calculators/bmi-bsa.test.js

(node:38756) ExperimentalWarning: VM Modules is a
n experimental feature and might change at any ti
me
(Use `node --trace-warnings ...` to show where th
e warning was created)
FAIL tests/calculators/bmi-bsa.test.js
  BMI-BSA Calculator
    ??should have correct module structure (8 ms)
    ??should generate correct HTML structure (16 
ms)
    Functionality Tests
      ? should calculate BMI and BSA correctly fo
r standard values (20 ms)
      ? should categorize obese correctly (8 ms)
      ? should categorize underweight correctly (
7 ms)
      ? should hide results when inputs are clear
ed (6 ms)
      ??should handle invalid/out-of-range inputs
 gracefully (6 ms)
    Input Validation Integration
      ??should validate weight range (5 ms)
      ??should validate height range (9 ms)

  ??BMI-BSA Calculator ??Functionality Tests ??sh
ould calculate BMI and BSA correctly for standard
 values

    expect(received).toBe(expected) // Object.is 
equality

    Expected: "block"
    Received: "none"

    [0m [90m 60 |[39m
     [90m 61 |[39m             [90m// Wait for
 any async updates if necessary, though current i
mplementation is sync on input[39m
    [31m[1m>[22m[39m[90m 62 |[39m          
   expect(resultEl[33m.[39mstyle[33m.[39mdisp
lay)[33m.[39mtoBe([32m'block'[39m)[33m;[39m
     [90m    |[39m                             
               [31m[1m^[22m[39m
     [90m 63 |[39m
     [90m 64 |[39m             [36mconst[39m 
resultText [33m=[39m resultEl[33m.[39minnerHT
ML[33m;[39m
     [90m 65 |[39m             [90m// BMI: 70 
/ (1.7 * 1.7) = 24.22[39m[0m

      at Object.<anonymous> (tests/calculators/bm
i-bsa.test.js:62:44)

  ??BMI-BSA Calculator ??Functionality Tests ??sh
ould categorize obese correctly

    expect(received).toContain(expected) // index
Of

    Expected substring: "31.1"
    Received string:    ""

    [0m [90m 78 |[39m             [36mconst[
39m resultText [33m=[39m resultEl[33m.[39minn
erHTML[33m;[39m
     [90m 79 |[39m
    [31m[1m>[22m[39m[90m 80 |[39m          
   expect(resultText)[33m.[39mtoContain([32m'3
1.1'[39m)[33m;[39m
     [90m    |[39m                             
   [31m[1m^[22m[39m
     [90m 81 |[39m             expect(resultTex
t)[33m.[39mtoContain([32m'Obese (Class I)'[39
m)[33m;[39m
     [90m 82 |[39m             expect(resultTex
t)[33m.[39mtoContain([32m'high'[39m)[33m;[3
9m [90m// Severity class[39m
     [90m 83 |[39m         })[33m;[39m[0m

      at Object.<anonymous> (tests/calculators/bm
i-bsa.test.js:80:32)

  ??BMI-BSA Calculator ??Functionality Tests ??sh
ould categorize underweight correctly

    expect(received).toContain(expected) // index
Of

    Expected substring: "17.3"
    Received string:    ""

    [0m [90m 91 |[39m             [36mconst[
39m resultText [33m=[39m resultEl[33m.[39minn
erHTML[33m;[39m
     [90m 92 |[39m
    [31m[1m>[22m[39m[90m 93 |[39m          
   expect(resultText)[33m.[39mtoContain([32m'1
7.3'[39m)[33m;[39m
     [90m    |[39m                             
   [31m[1m^[22m[39m
     [90m 94 |[39m             expect(resultTex
t)[33m.[39mtoContain([32m'Underweight'[39m)[
33m;[39m
     [90m 95 |[39m         })[33m;[39m
     [90m 96 |[39m[0m

      at Object.<anonymous> (tests/calculators/bm
i-bsa.test.js:93:32)

  ??BMI-BSA Calculator ??Functionality Tests ??sh
ould hide results when inputs are cleared

    expect(received).toBe(expected) // Object.is 
equality

    Expected: "block"
    Received: "none"

    [0m [90m 101 |[39m
     [90m 102 |[39m             [36mconst[39m
 resultEl [33m=[39m container[33m.[39mquerySe
lector([32m'#bmi-bsa-result'[39m)[33m;[39m
    [31m[1m>[22m[39m[90m 103 |[39m         
    expect(resultEl[33m.[39mstyle[33m.[39mdis
play)[33m.[39mtoBe([32m'block'[39m)[33m;[39
m
     [90m     |[39m                            
                [31m[1m^[22m[39m
     [90m 104 |[39m
     [90m 105 |[39m             [90m// Clear i
nput[39m
     [90m 106 |[39m             setInputValue(c
ontainer[33m,[39m [32m'bmi-bsa-weight'[39m[3
3m,[39m [32m''[39m)[33m;[39m[0m

      at Object.<anonymous> (tests/calculators/bm
i-bsa.test.js:103:44)

Test Suites: 1 failed, 1 total
Tests:       4 failed, 5 passed, 9 total
Snapshots:   0 total
Time:        2.872 s
Ran all test suites matching /tests\\calculators\
\bmi-bsa.test.js/i.
npm verbose cwd F:\EHRCALC_2\MEDCALCEHR
npm verbose os Windows_NT 10.0.19045
npm verbose node v22.15.0
npm verbose npm  v11.4.2
npm verbose exit 1
npm verbose code 1
